// Jest Snapshot v1, https://goo.gl/fbAQLP

exports[`Layer renders Layer correctly 1`] = `
<span
  className="ms-Layer"
/>
`;
