// Jest Snapshot v1, https://goo.gl/fbAQLP

exports[`DocumentCard renders DocumentCard correctly 1`] = `
<div
  className="ms-DocumentCard"
  onClick={undefined}
  onKeyDown={undefined}
  role={undefined}
  style={undefined}
  tabIndex={undefined}
>
  <div
    className="ms-DocumentCardPreview"
    style={undefined}
  />
  <div
    className="ms-DocumentCardTitle"
    title=""
  >
    
  </div>
  <div
    className="ms-DocumentCardActivity"
  >
    <div
      className="ms-DocumentCardActivity-avatars"
    >
      <div
        className="ms-DocumentCardActivity-avatar"
      >
        <div
          className=
              ms-Persona-coin
              ms-Persona--size32

          role="persentation"
          size={11}
        >
          <div
            className=
                ms-Persona-imageArea
                {
                  flex: 0 0 auto;
                  height: 32px;
                  position: relative;
                  text-align: center;
                  width: 32px;
                }
            style={undefined}
          >
            <div
              aria-hidden="true"
              className=
                  ms-Persona-initials
                  {
                    background-color: #2D89EF;
                    border-radius: 50%;
                    color: #ffffff;
                    font-size: 14px;
                    font-weight: 400;
                    height: 32px;
                    line-height: 32px;
                  }
                  @media screen and (-ms-high-contrast: active){& {
                    -ms-high-contrast-adjust: none;
                    background-color: Window !important;
                    border: 1px solid WindowText;
                    box-sizing: border-box;
                    color: WindowText;
                  }
              style={undefined}
            >
              <i
                aria-hidden={true}
                className=

                    {
                      display: inline-block;
                    }
                data-icon-name="Contact"
                role="presentation"
              />
            </div>
            <div
              className=
                  ms-Image
                  ms-Persona-image
                  {
                    border-radius: 50%;
                    border: 0px;
                    height: 32px;
                    left: 0px;
                    margin-right: 10px;
                    overflow: hidden;
                    perspective: 1px;
                    position: absolute;
                    top: 0px;
                    width: 32px;
                  }
              style={
                Object {
                  "height": 32,
                  "width": 32,
                }
              }
            >
              <img
                alt=""
                className=
                    ms-Image-image
                    ms-Image-image--cover
                    ms-Image-image--portrait
                    is-notLoaded
                    is-fadeIn
                    {
                      display: block;
                      height: auto;
                      left: 50% /* @noflip */;
                      opacity: 0;
                      position: absolute;
                      top: 50%;
                      transform: translate(-50%,-50%);
                      width: 100%;
                    }
                onError={[Function]}
                onLoad={[Function]}
                role={undefined}
                src=""
              />
            </div>
          </div>
        </div>
      </div>
    </div>
    <div
      className="ms-DocumentCardActivity-details"
    >
      <span
        className="ms-DocumentCardActivity-name"
      >
        
      </span>
      <span
        className="ms-DocumentCardActivity-activity"
      >
        
      </span>
    </div>
  </div>
</div>
`;
