// Jest Snapshot v1, https://goo.gl/fbAQLP

exports[`Fabric renders correctly 1`] = `
<div
  className=
      ms-Fabric
      {
        -moz-osx-font-smoothing: grayscale;
        -webkit-font-smoothing: antialiased;
        color: #333333;
        font-family: 'Segoe UI', 'Segoe UI Web (West European)', 'Segoe UI', -apple-system, BlinkMacSystemFont, 'Roboto', 'Helvetica Neue', sans-serif;
        font-size: 14px;
        font-weight: 400;
      }
      & button {
        font-family: inherit;
      }
      & input {
        font-family: inherit;
      }
      & textarea {
        font-family: inherit;
      }
      button {
        overflow: visible;
      }
>
  test
</div>
`;
