// Jest Snapshot v1, https://goo.gl/fbAQLP

exports[`ContextualMenuSplitButton creates a normal split button renders the contextual menu split button correctly 1`] = `
ShallowWrapper {
  "length": 1,
  Symbol(enzyme.__root__): [Circular],
  Symbol(enzyme.__unrendered__): <ContextualMenuSplitButton
    classNames={
      Object {
        "checkmarkIcon": "checkmarkIcon",
        "divider": "---",
        "icon": "icon",
        "item": "item",
        "label": "label",
        "linkContent": "linkContent",
        "linkContentMenu": "linkContentMenu",
        "root": "root",
        "splitContainer": "splitContainer",
        "splitMenu": "splitMenu",
        "splitPrimary": "splitPrimary",
        "subMenuIcon": "subMenuIcon",
      }
    }
    focusableElementIndex={0}
    index={0}
    item={
      Object {
        "key": "123",
      }
    }
    totalItemCount={1}
  />,
  Symbol(enzyme.__renderer__): Object {
    "batchedUpdates": [Function],
    "getNode": [Function],
    "render": [Function],
    "simulateEvent": [Function],
    "unmount": [Function],
  },
  Symbol(enzyme.__node__): Object {
    "instance": null,
    "key": undefined,
    "nodeType": "host",
    "props": Object {
      "aria-checked": undefined,
      "aria-describedby": undefined,
      "aria-disabled": false,
      "aria-haspopup": true,
      "aria-labelledby": undefined,
      "aria-posinset": 1,
      "aria-setsize": 1,
      "children": Array [
        <button
          aria-hidden={true}
          checked={undefined}
          className="splitPrimary"
          data-is-focusable={false}
          disabled={undefined}
          icon={undefined}
          name={undefined}
          role="menuitem"
        >
          <Unknown
            classNames={
              Object {
                "checkmarkIcon": "checkmarkIcon",
                "divider": "---",
                "icon": "icon",
                "item": "item",
                "label": "label",
                "linkContent": "linkContent",
                "linkContentMenu": "linkContentMenu",
                "root": "root",
                "splitContainer": "splitContainer",
                "splitMenu": "splitMenu",
                "splitPrimary": "splitPrimary",
                "subMenuIcon": "subMenuIcon",
              }
            }
            data-is-focusable={false}
            hasIcons={undefined}
            index={0}
            item={
              Object {
                "aria-hidden": true,
                "canCheck": undefined,
                "checked": undefined,
                "className": "splitPrimary",
                "data-is-focusable": false,
                "disabled": undefined,
                "icon": undefined,
                "iconProps": undefined,
                "isChecked": undefined,
                "key": "123",
                "name": undefined,
                "role": "menuitem",
              }
            }
            onCheckmarkClick={undefined}
          />
        </button>,
        <Unknown
          getClassNames={[Function]}
        />,
        <button
          aria-hidden={true}
          className="splitMenu"
          data-is-focusable={false}
          disabled={false}
          onClick={[Function]}
          onMouseDown={[Function]}
          onMouseEnter={[Function]}
          onMouseLeave={undefined}
          onMouseMove={[Function]}
        >
          <Unknown
            classNames={
              Object {
                "checkmarkIcon": "checkmarkIcon",
                "divider": "---",
                "icon": "icon",
                "item": "item",
                "label": "label",
                "linkContent": "linkContent",
                "linkContentMenu": "linkContentMenu",
                "root": "root",
                "splitContainer": "splitContainer",
                "splitMenu": "splitMenu",
                "splitPrimary": "splitPrimary",
                "subMenuIcon": "subMenuIcon",
              }
            }
            hasIcons={false}
            index={0}
            item={
              Object {
                "className": "splitMenu",
                "disabled": false,
                "onClick": [Function],
                "split": true,
                "subMenuProps": undefined,
                "submenuIconProps": undefined,
              }
            }
          />
        </button>,
      ],
      "className": "splitContainer",
      "data-is-focusable": true,
      "onClick": [Function],
      "onKeyDown": [Function],
      "onMouseEnter": [Function],
      "onMouseLeave": undefined,
      "onMouseMove": [Function],
      "role": "button",
      "tabIndex": 0,
    },
    "ref": [Function],
    "rendered": Array [
      Object {
        "instance": null,
        "key": undefined,
        "nodeType": "host",
        "props": Object {
          "aria-hidden": true,
          "checked": undefined,
          "children": <Unknown
            classNames={
              Object {
                "checkmarkIcon": "checkmarkIcon",
                "divider": "---",
                "icon": "icon",
                "item": "item",
                "label": "label",
                "linkContent": "linkContent",
                "linkContentMenu": "linkContentMenu",
                "root": "root",
                "splitContainer": "splitContainer",
                "splitMenu": "splitMenu",
                "splitPrimary": "splitPrimary",
                "subMenuIcon": "subMenuIcon",
              }
            }
            data-is-focusable={false}
            hasIcons={undefined}
            index={0}
            item={
              Object {
                "aria-hidden": true,
                "canCheck": undefined,
                "checked": undefined,
                "className": "splitPrimary",
                "data-is-focusable": false,
                "disabled": undefined,
                "icon": undefined,
                "iconProps": undefined,
                "isChecked": undefined,
                "key": "123",
                "name": undefined,
                "role": "menuitem",
              }
            }
            onCheckmarkClick={undefined}
          />,
          "className": "splitPrimary",
          "data-is-focusable": false,
          "disabled": undefined,
          "icon": undefined,
          "name": undefined,
          "role": "menuitem",
        },
        "ref": null,
        "rendered": Object {
          "instance": null,
          "key": undefined,
          "nodeType": "function",
          "props": Object {
            "classNames": Object {
              "checkmarkIcon": "checkmarkIcon",
              "divider": "---",
              "icon": "icon",
              "item": "item",
              "label": "label",
              "linkContent": "linkContent",
              "linkContentMenu": "linkContentMenu",
              "root": "root",
              "splitContainer": "splitContainer",
              "splitMenu": "splitMenu",
              "splitPrimary": "splitPrimary",
              "subMenuIcon": "subMenuIcon",
            },
            "data-is-focusable": false,
            "hasIcons": undefined,
            "index": 0,
            "item": Object {
              "aria-hidden": true,
              "canCheck": undefined,
              "checked": undefined,
              "className": "splitPrimary",
              "data-is-focusable": false,
              "disabled": undefined,
              "icon": undefined,
              "iconProps": undefined,
              "isChecked": undefined,
              "key": "123",
              "name": undefined,
              "role": "menuitem",
            },
            "onCheckmarkClick": undefined,
          },
          "ref": null,
          "rendered": null,
          "type": [Function],
        },
        "type": "button",
      },
      Object {
        "instance": null,
        "key": undefined,
        "nodeType": "function",
        "props": Object {
          "getClassNames": [Function],
        },
        "ref": null,
        "rendered": null,
        "type": [Function],
      },
      Object {
        "instance": null,
        "key": undefined,
        "nodeType": "host",
        "props": Object {
          "aria-hidden": true,
          "children": <Unknown
            classNames={
              Object {
                "checkmarkIcon": "checkmarkIcon",
                "divider": "---",
                "icon": "icon",
                "item": "item",
                "label": "label",
                "linkContent": "linkContent",
                "linkContentMenu": "linkContentMenu",
                "root": "root",
                "splitContainer": "splitContainer",
                "splitMenu": "splitMenu",
                "splitPrimary": "splitPrimary",
                "subMenuIcon": "subMenuIcon",
              }
            }
            hasIcons={false}
            index={0}
            item={
              Object {
                "className": "splitMenu",
                "disabled": false,
                "onClick": [Function],
                "split": true,
                "subMenuProps": undefined,
                "submenuIconProps": undefined,
              }
            }
          />,
          "className": "splitMenu",
          "data-is-focusable": false,
          "disabled": false,
          "onClick": [Function],
          "onMouseDown": [Function],
          "onMouseEnter": [Function],
          "onMouseLeave": undefined,
          "onMouseMove": [Function],
        },
        "ref": null,
        "rendered": Object {
          "instance": null,
          "key": undefined,
          "nodeType": "function",
          "props": Object {
            "classNames": Object {
              "checkmarkIcon": "checkmarkIcon",
              "divider": "---",
              "icon": "icon",
              "item": "item",
              "label": "label",
              "linkContent": "linkContent",
              "linkContentMenu": "linkContentMenu",
              "root": "root",
              "splitContainer": "splitContainer",
              "splitMenu": "splitMenu",
              "splitPrimary": "splitPrimary",
              "subMenuIcon": "subMenuIcon",
            },
            "hasIcons": false,
            "index": 0,
            "item": Object {
              "className": "splitMenu",
              "disabled": false,
              "onClick": [Function],
              "split": true,
              "subMenuProps": undefined,
              "submenuIconProps": undefined,
            },
          },
          "ref": null,
          "rendered": null,
          "type": [Function],
        },
        "type": "button",
      },
    ],
    "type": "div",
  },
  Symbol(enzyme.__nodes__): Array [
    Object {
      "instance": null,
      "key": undefined,
      "nodeType": "host",
      "props": Object {
        "aria-checked": undefined,
        "aria-describedby": undefined,
        "aria-disabled": false,
        "aria-haspopup": true,
        "aria-labelledby": undefined,
        "aria-posinset": 1,
        "aria-setsize": 1,
        "children": Array [
          <button
            aria-hidden={true}
            checked={undefined}
            className="splitPrimary"
            data-is-focusable={false}
            disabled={undefined}
            icon={undefined}
            name={undefined}
            role="menuitem"
          >
            <Unknown
              classNames={
                Object {
                  "checkmarkIcon": "checkmarkIcon",
                  "divider": "---",
                  "icon": "icon",
                  "item": "item",
                  "label": "label",
                  "linkContent": "linkContent",
                  "linkContentMenu": "linkContentMenu",
                  "root": "root",
                  "splitContainer": "splitContainer",
                  "splitMenu": "splitMenu",
                  "splitPrimary": "splitPrimary",
                  "subMenuIcon": "subMenuIcon",
                }
              }
              data-is-focusable={false}
              hasIcons={undefined}
              index={0}
              item={
                Object {
                  "aria-hidden": true,
                  "canCheck": undefined,
                  "checked": undefined,
                  "className": "splitPrimary",
                  "data-is-focusable": false,
                  "disabled": undefined,
                  "icon": undefined,
                  "iconProps": undefined,
                  "isChecked": undefined,
                  "key": "123",
                  "name": undefined,
                  "role": "menuitem",
                }
              }
              onCheckmarkClick={undefined}
            />
          </button>,
          <Unknown
            getClassNames={[Function]}
          />,
          <button
            aria-hidden={true}
            className="splitMenu"
            data-is-focusable={false}
            disabled={false}
            onClick={[Function]}
            onMouseDown={[Function]}
            onMouseEnter={[Function]}
            onMouseLeave={undefined}
            onMouseMove={[Function]}
          >
            <Unknown
              classNames={
                Object {
                  "checkmarkIcon": "checkmarkIcon",
                  "divider": "---",
                  "icon": "icon",
                  "item": "item",
                  "label": "label",
                  "linkContent": "linkContent",
                  "linkContentMenu": "linkContentMenu",
                  "root": "root",
                  "splitContainer": "splitContainer",
                  "splitMenu": "splitMenu",
                  "splitPrimary": "splitPrimary",
                  "subMenuIcon": "subMenuIcon",
                }
              }
              hasIcons={false}
              index={0}
              item={
                Object {
                  "className": "splitMenu",
                  "disabled": false,
                  "onClick": [Function],
                  "split": true,
                  "subMenuProps": undefined,
                  "submenuIconProps": undefined,
                }
              }
            />
          </button>,
        ],
        "className": "splitContainer",
        "data-is-focusable": true,
        "onClick": [Function],
        "onKeyDown": [Function],
        "onMouseEnter": [Function],
        "onMouseLeave": undefined,
        "onMouseMove": [Function],
        "role": "button",
        "tabIndex": 0,
      },
      "ref": [Function],
      "rendered": Array [
        Object {
          "instance": null,
          "key": undefined,
          "nodeType": "host",
          "props": Object {
            "aria-hidden": true,
            "checked": undefined,
            "children": <Unknown
              classNames={
                Object {
                  "checkmarkIcon": "checkmarkIcon",
                  "divider": "---",
                  "icon": "icon",
                  "item": "item",
                  "label": "label",
                  "linkContent": "linkContent",
                  "linkContentMenu": "linkContentMenu",
                  "root": "root",
                  "splitContainer": "splitContainer",
                  "splitMenu": "splitMenu",
                  "splitPrimary": "splitPrimary",
                  "subMenuIcon": "subMenuIcon",
                }
              }
              data-is-focusable={false}
              hasIcons={undefined}
              index={0}
              item={
                Object {
                  "aria-hidden": true,
                  "canCheck": undefined,
                  "checked": undefined,
                  "className": "splitPrimary",
                  "data-is-focusable": false,
                  "disabled": undefined,
                  "icon": undefined,
                  "iconProps": undefined,
                  "isChecked": undefined,
                  "key": "123",
                  "name": undefined,
                  "role": "menuitem",
                }
              }
              onCheckmarkClick={undefined}
            />,
            "className": "splitPrimary",
            "data-is-focusable": false,
            "disabled": undefined,
            "icon": undefined,
            "name": undefined,
            "role": "menuitem",
          },
          "ref": null,
          "rendered": Object {
            "instance": null,
            "key": undefined,
            "nodeType": "function",
            "props": Object {
              "classNames": Object {
                "checkmarkIcon": "checkmarkIcon",
                "divider": "---",
                "icon": "icon",
                "item": "item",
                "label": "label",
                "linkContent": "linkContent",
                "linkContentMenu": "linkContentMenu",
                "root": "root",
                "splitContainer": "splitContainer",
                "splitMenu": "splitMenu",
                "splitPrimary": "splitPrimary",
                "subMenuIcon": "subMenuIcon",
              },
              "data-is-focusable": false,
              "hasIcons": undefined,
              "index": 0,
              "item": Object {
                "aria-hidden": true,
                "canCheck": undefined,
                "checked": undefined,
                "className": "splitPrimary",
                "data-is-focusable": false,
                "disabled": undefined,
                "icon": undefined,
                "iconProps": undefined,
                "isChecked": undefined,
                "key": "123",
                "name": undefined,
                "role": "menuitem",
              },
              "onCheckmarkClick": undefined,
            },
            "ref": null,
            "rendered": null,
            "type": [Function],
          },
          "type": "button",
        },
        Object {
          "instance": null,
          "key": undefined,
          "nodeType": "function",
          "props": Object {
            "getClassNames": [Function],
          },
          "ref": null,
          "rendered": null,
          "type": [Function],
        },
        Object {
          "instance": null,
          "key": undefined,
          "nodeType": "host",
          "props": Object {
            "aria-hidden": true,
            "children": <Unknown
              classNames={
                Object {
                  "checkmarkIcon": "checkmarkIcon",
                  "divider": "---",
                  "icon": "icon",
                  "item": "item",
                  "label": "label",
                  "linkContent": "linkContent",
                  "linkContentMenu": "linkContentMenu",
                  "root": "root",
                  "splitContainer": "splitContainer",
                  "splitMenu": "splitMenu",
                  "splitPrimary": "splitPrimary",
                  "subMenuIcon": "subMenuIcon",
                }
              }
              hasIcons={false}
              index={0}
              item={
                Object {
                  "className": "splitMenu",
                  "disabled": false,
                  "onClick": [Function],
                  "split": true,
                  "subMenuProps": undefined,
                  "submenuIconProps": undefined,
                }
              }
            />,
            "className": "splitMenu",
            "data-is-focusable": false,
            "disabled": false,
            "onClick": [Function],
            "onMouseDown": [Function],
            "onMouseEnter": [Function],
            "onMouseLeave": undefined,
            "onMouseMove": [Function],
          },
          "ref": null,
          "rendered": Object {
            "instance": null,
            "key": undefined,
            "nodeType": "function",
            "props": Object {
              "classNames": Object {
                "checkmarkIcon": "checkmarkIcon",
                "divider": "---",
                "icon": "icon",
                "item": "item",
                "label": "label",
                "linkContent": "linkContent",
                "linkContentMenu": "linkContentMenu",
                "root": "root",
                "splitContainer": "splitContainer",
                "splitMenu": "splitMenu",
                "splitPrimary": "splitPrimary",
                "subMenuIcon": "subMenuIcon",
              },
              "hasIcons": false,
              "index": 0,
              "item": Object {
                "className": "splitMenu",
                "disabled": false,
                "onClick": [Function],
                "split": true,
                "subMenuProps": undefined,
                "submenuIconProps": undefined,
              },
            },
            "ref": null,
            "rendered": null,
            "type": [Function],
          },
          "type": "button",
        },
      ],
      "type": "div",
    },
  ],
  Symbol(enzyme.__options__): Object {
    "adapter": ReactSixteenAdapter {
      "options": Object {
        "enableComponentDidUpdateOnSetState": true,
      },
    },
  },
}
`;
