// Jest Snapshot v1, https://goo.gl/fbAQLP

exports[`Label renders label correctly 1`] = `
<label
  className=
      ms-Label
      {
        box-shadow: none;
        box-sizing: border-box;
        color: #333333;
        display: block;
        margin-bottom: 0px;
        margin-left: 0px;
        margin-right: 0px;
        margin-top: 0px;
        overflow-wrap: break-word;
        padding-bottom: 5px;
        padding-left: 0;
        padding-right: 0;
        padding-top: 5px;
        word-wrap: break-word;
      }
>
  test
</label>
`;
