// Jest Snapshot v1, https://goo.gl/fbAQLP

exports[`TextField renders TextField correctly 1`] = `
<div
  className="ms-TextField"
>
  <div
    className="ms-TextField-wrapper"
  >
    <label
      className=
          ms-Label
          {
            box-shadow: none;
            box-sizing: border-box;
            color: #333333;
            display: block;
            margin-bottom: 0px;
            margin-left: 0px;
            margin-right: 0px;
            margin-top: 0px;
            overflow-wrap: break-word;
            padding-bottom: 5px;
            padding-left: 0;
            padding-right: 0;
            padding-top: 5px;
            word-wrap: break-word;
          }
      htmlFor="TextField0"
    >
      Label
    </label>
    <div
      className="ms-TextField-fieldGroup"
    >
      <input
        aria-describedby={undefined}
        aria-invalid={false}
        aria-label={undefined}
        className="ms-TextField-field"
        id="TextField0"
        onBlur={[Function]}
        onChange={[Function]}
        onFocus={[Function]}
        onInput={[Function]}
        type="text"
        value=""
      />
    </div>
  </div>
</div>
`;
