// Jest Snapshot v1, https://goo.gl/fbAQLP

exports[`Image renders Image correctly 1`] = `
<div
  className=
      ms-Image
      {
        overflow: hidden;
      }
  style={
    Object {
      "height": undefined,
      "width": undefined,
    }
  }
>
  <img
    alt={undefined}
    className=
        ms-Image-image
        ms-Image-image--portrait
        is-notLoaded
        is-fadeIn
        {
          display: block;
          opacity: 0;
        }
    onError={[Function]}
    onLoad={[Function]}
    role={undefined}
    src="data:image/png;base64,iVBORw0KGgoAAAANSUhEUgAAAAEAAAABCAYAAAAfFcSJAAAAC0lEQVQImWP4DwQACfsD/eNV8pwAAAAASUVORK5CYII="
  />
</div>
`;
