// Jest Snapshot v1, https://goo.gl/fbAQLP

exports[`Pickers BasePicker renders BaseFloatingPicker correctly 1`] = `
<div
  className="ms-BasePicker"
/>
`;
